// Jest Snapshot v1, https://goo.gl/fbAQLP

exports[`Fuel Quote Form if render matches snapshot 1`] = `
<div
  className="page"
  style={
    Object {
      "maxWidth": "100%",
    }
  }
>
  <div
    className="container"
  >
    <nav
      className="navbar navbar-expand-lg navbar-light bg-light"
    >
      <div
        className="container mb-2"
      >
        <a
          className="navbar-brand"
          href="/"
          onClick={[Function]}
          style={
            Object {
              "textDecoration": "none",
            }
          }
        >
          Group 33
        </a>
        <button
          aria-controls="navbarNav"
          aria-expanded="false"
          aria-label="Toggle navigation"
          className="navbar-toggler"
          data-target="#navbarNav"
          data-toggle="collapse"
          type="button"
        >
          <span
            className="navbar-toggler-icon"
          />
        </button>
        <div
          className="container"
        >
          <div
            className="collapse navbar-collapse"
            id="navbarNav"
          >
            <ul
              className="navbar-nav mr-auto mt-lg-0"
            >
              <a
                className="nav-item nav-link disabled"
                href="/profileManagement"
                onClick={[Function]}
                style={Object {}}
              >
                Profile Management
              </a>
              <a
                className="nav-item nav-link disabled"
                href="/fuelQuoteForm"
                onClick={[Function]}
                style={Object {}}
              >
                Fuel Quote Form
              </a>
              <a
                className="nav-item nav-link disabled"
                href="/fuelQuoteHistory"
                onClick={[Function]}
                style={Object {}}
              >
                Fuel Quote History
              </a>
            </ul>
          </div>
        </div>
      </div>
      <a
        href="/login"
        id="Logout-link"
        onClick={[Function]}
        style={
          Object {
            "textDecoration": "none",
          }
        }
      >
        <button
          className="btn btn-outline-success ml-auto"
          onClick={[Function]}
        >
          Logout
        </button>
      </a>
    </nav>
  </div>
  <div
    className="container"
  >
    <div
      className="card bg-light"
    >
      <article
        className="card-body"
      >
        <form
          id="fuelquote-form"
          onSubmit={[Function]}
        >
          <div
            className="form-group"
          >
            <label
              htmlFor="numOfGallons"
            >
              Gallons Requested
            </label>
            <input
              className="form-control"
              id="numOfGallons"
              max={1000000000000}
              min={0}
              onChange={[Function]}
              placeholder="Enter number of gallons."
              required={true}
              type="number"
            />
          </div>
          <div
            className="form-group"
          >
            <label
              htmlFor="deliveryAddress"
            >
              Delivery Address
            </label>
            <input
              className="form-control"
              id="deliveryAddress"
              readOnly={true}
              type="text"
              value="Address from backend."
            />
          </div>
          <div
            className="form-group"
          >
            <label
              htmlFor="deliveryDate"
            >
              Delivery Date
            </label>
            <input
              className="form-control"
              id="deliveryDate"
              max="2100-01-01"
              min="2022-03-18"
              onChange={[Function]}
              required={true}
              type="date"
            />
          </div>
          <div
            className="form-group"
          >
            <label
              htmlFor="gallonRate"
            >
              Suggested Price / Gallon
            </label>
            <input
              className="form-control"
              id="gallonRate"
              readOnly={true}
              type="number"
              value="1.50"
            />
          </div>
          <div
            className="form-group"
          >
            <label
              htmlFor="totalCost"
            >
              Total Amount Due
            </label>
            <input
              className="form-control"
              id="totalCost"
              readOnly={true}
              type="zipcode"
              value="0.00"
            />
          </div>
          <button
            className="btn btn-primary"
            disabled={true}
            id="submit-register"
            type="submit"
          >
             Submit 
          </button>
        </form>
      </article>
    </div>
  </div>
</div>
`;
