// Jest Snapshot v1, https://goo.gl/fbAQLP

exports[`Fuel Quote History snapshot renders 1`] = `
<div
  className="page"
>
  <div
    className="container"
  >
    <nav
      className="navbar navbar-expand-lg navbar-light bg-light"
    >
      <div
        className="container mb-2"
      >
        <a
          className="navbar-brand"
          href="/"
          onClick={[Function]}
          style={
            Object {
              "textDecoration": "none",
            }
          }
        >
          Group 33
        </a>
        <button
          aria-controls="navbarNav"
          aria-expanded="false"
          aria-label="Toggle navigation"
          className="navbar-toggler"
          data-target="#navbarNav"
          data-toggle="collapse"
          type="button"
        >
          <span
            className="navbar-toggler-icon"
          />
        </button>
        <div
          className="container"
        >
          <div
            className="collapse navbar-collapse"
            id="navbarNav"
          >
            <ul
              className="navbar-nav mr-auto mt-lg-0"
            >
              <li
                className="nav-item"
              >
                <a
                  className="nav-link"
                  href="/profileManagement"
                  onClick={[Function]}
                  style={
                    Object {
                      "textDecoration": "none",
                    }
                  }
                >
                  Profile Management
                </a>
              </li>
              <li
                className="nav-item"
              >
                <a
                  className="nav-link"
                  href="/fuelQuoteForm"
                  onClick={[Function]}
                  style={
                    Object {
                      "textDecoration": "none",
                    }
                  }
                >
                  Fuel Quote Form
                </a>
              </li>
              <li
                className="nav-item active"
              >
                <a
                  className="nav-link"
                  href="/fuelQuoteHistory"
                  onClick={[Function]}
                  style={
                    Object {
                      "textDecoration": "none",
                    }
                  }
                >
                  Fuel Quote History
                </a>
              </li>
            </ul>
          </div>
        </div>
      </div>
      <a
        href="/login"
        id="Logout-link"
        onClick={[Function]}
        style={
          Object {
            "textDecoration": "none",
          }
        }
      >
        <button
          className="btn btn-outline-success ml-auto"
          onClick={[Function]}
        >
          Logout
        </button>
      </a>
    </nav>
  </div>
  <div
    className="container"
  >
    <div>
      <h1>
         Fuel Quote History
      </h1>
    </div>
    <br />
    <div
      className="table"
    >
      <table
        className="table"
      >
        <thead
          className="thead-dark"
        >
          <tr>
            <th>
              #
            </th>
            <th>
              Gallons Requested
            </th>
            <th>
              Delivery Address
            </th>
            <th>
              Delivery Date
            </th>
            <th>
              Suggested Price / gallon
            </th>
            <th>
              Total Amount Due
            </th>
          </tr>
        </thead>
        <tbody>
          <tr>
            <th
              scope="row"
            >
              1
            </th>
            <td>
              21
            </td>
            <td>
              4800 Calhoun Rd, Houston, TX 77004
            </td>
            <td>
              02/12/2022
            </td>
            <td>
              $3.29
            </td>
            <td>
              $69.09
            </td>
          </tr>
          <tr>
            <th
              scope="row"
            >
              2
            </th>
            <td>
              5
            </td>
            <td>
              1243 Thornton Rd, Bruh, SinatheTweakLand 77478
            </td>
            <td>
              04/20/2022
            </td>
            <td>
              $4.20
            </td>
            <td>
              $69.69
            </td>
          </tr>
        </tbody>
      </table>
    </div>
  </div>
</div>
`;
