// Jest Snapshot v1, https://goo.gl/fbAQLP

exports[`Fuel Quote Form snapshot renders 1`] = `
<div
  className="page"
  style={
    Object {
      "maxWidth": "100%",
    }
  }
>
  <div
    className="container"
  >
    <nav
      className="navbar navbar-expand-lg navbar-light bg-light"
    >
      <div
        className="container mb-2"
      >
        <a
          className="navbar-brand"
          href="/"
          onClick={[Function]}
          style={
            Object {
              "textDecoration": "none",
            }
          }
        >
          Group 33
        </a>
        <button
          aria-controls="navbarNav"
          aria-expanded="false"
          aria-label="Toggle navigation"
          className="navbar-toggler"
          data-target="#navbarNav"
          data-toggle="collapse"
          type="button"
        >
          <span
            className="navbar-toggler-icon"
          />
        </button>
        <div
          className="container"
        >
          <div
            className="collapse navbar-collapse"
            id="navbarNav"
          >
            <ul
              className="navbar-nav mr-auto mt-lg-0"
            >
              <li
                className="nav-item"
              >
                <a
                  className="nav-link"
                  href="/profileManagement"
                  onClick={[Function]}
                  style={
                    Object {
                      "textDecoration": "none",
                    }
                  }
                >
                  Profile Management
                </a>
              </li>
              <li
                className="nav-item active"
              >
                <a
                  className="nav-link"
                  href="/fuelQuoteForm"
                  onClick={[Function]}
                  style={
                    Object {
                      "textDecoration": "none",
                    }
                  }
                >
                  Fuel Quote Form
                </a>
              </li>
              <li
                className="nav-item"
              >
                <a
                  className="nav-link"
                  href="/fuelQuoteHistory"
                  onClick={[Function]}
                  style={
                    Object {
                      "textDecoration": "none",
                    }
                  }
                >
                  Fuel Quote History
                </a>
              </li>
            </ul>
          </div>
        </div>
      </div>
      <a
        href="/login"
        onClick={[Function]}
        style={
          Object {
            "textDecoration": "none",
          }
        }
      >
        <button
          className="btn btn-outline-success ml-auto"
        >
          Logout
        </button>
      </a>
    </nav>
  </div>
  <div
    className="container"
  >
    <div
      className="card bg-light"
    >
      <article
        className="card-body"
      >
        <form>
          <div
            className="form-group"
          >
            <label
              htmlFor="exampleInputEmail1"
            >
              Gallons Requested
            </label>
            <input
              className="form-control"
              max={1000000000}
              min={0}
              onChange={[Function]}
              placeholder="Enter number of gallons."
              required={true}
              type="number"
            />
          </div>
          <div
            className="form-group"
          >
            <label
              htmlFor="exampleInputEmail1"
            >
              Delivery Address
            </label>
            <input
              className="form-control"
              readOnly={true}
              type="text"
              value="Address from backend."
            />
          </div>
          <div
            className="form-group"
          >
            <label
              htmlFor="exampleInputEmail1"
            >
              Delivery Date
            </label>
            <input
              className="form-control"
              max="2100-01-01"
              min="2022-03-13"
              required={true}
              type="date"
            />
          </div>
          <div
            className="form-group"
          >
            <label
              htmlFor="exampleInputEmail1"
            >
              Suggested Price / Gallon
            </label>
            <input
              className="form-control"
              readOnly={true}
              type="number"
              value={1.5}
            />
          </div>
          <div
            className="form-group"
          >
            <label
              htmlFor="exampleInputEmail1"
            >
              Total Amount Due
            </label>
            <input
              className="form-control"
              readOnly={true}
              type="zipcode"
              value="0.00"
            />
          </div>
          <button
            className="btn btn-primary"
            type="submit"
          >
            Submit
          </button>
        </form>
      </article>
    </div>
  </div>
</div>
`;
