// Jest Snapshot v1, https://goo.gl/fbAQLP

exports[`Login snapshot renders 1`] = `
<div
  className="login-background"
>
  <form
    action="/profileManagement"
    className="Login"
    onSubmit={[Function]}
  >
    <h1>
      LOGIN
    </h1>
    <br />
    <div
      className="input-group mb-3"
    >
      <div
        className="input-group-prepend"
      >
        <span
          className="input-group-text"
          id="basic-addon1"
        >
          Username
        </span>
      </div>
      <input
        aria-describedby="basic-addon1"
        aria-label="Username"
        className="form-control"
        onChange={[Function]}
        placeholder="user@example.com"
        required={true}
        type="text"
        value=""
      />
    </div>
    <div
      className="input-group mb-3"
    >
      <div
        className="input-group-prepend"
      >
        <span
          className="input-group-text"
          id="basic-addon1"
        >
          Password
        </span>
      </div>
      <input
        aria-describedby="basic-addon1"
        aria-label="Username"
        className="form-control"
        onChange={[Function]}
        required={true}
        type="password"
        value=""
      />
    </div>
    <div>
      <button
        className="btn btn-primary"
        onClick={[Function]}
        type="submit"
      >
        Submit
      </button>
    </div>
    <br />
    <a
      href="/registration"
      onClick={[Function]}
    >
      New User? Register here.
    </a>
  </form>
</div>
`;
